Running Gradle task 'assembleDebug'...                          
flutter : C:\Users\satya\OneDrive\Desktop\saarthi\android\app\src\debug\AndroidManifest.xml Error:
At line:1 char:1
+ flutter build apk --debug > build_output.txt 2>&1
+ ~~~~~~~~~~~~~~~~~~~~~~~~~~~~~~~~~~~~~~~~~~~~~~~~~
    + CategoryInfo          : NotSpecified: (C:\Users\satya\...fest.xml Error::String) [], RemoteException
    + FullyQualifiedErrorId : NativeCommandError
 
	uses-sdk:minSdkVersion 24 cannot be smaller than version 30 declared in library [:vosk_flutter_2] C:\Users\satya\OneDr
ive\Desktop\saarthi\build\vosk_flutter_2\intermediates\merged_manifest\debug\processDebugManifest\AndroidManifest.xml 
as the library might be using APIs not available in 24
	Suggestion: use a compatible library with a minSdk of at most 24,
		or increase this project's minSdk version to at least 30,
		or use tools:overrideLibrary="com.saarthi.vosk_flutter_2" to force usage (may lead to runtime failures)

FAILURE: Build failed with an exception.

* What went wrong:
Execution failed for task ':app:processDebugMainManifest'.
> Manifest merger failed : uses-sdk:minSdkVersion 24 cannot be smaller than version 30 declared in library 
[:vosk_flutter_2] C:\Users\satya\OneDrive\Desktop\saarthi\build\vosk_flutter_2\intermediates\merged_manifest\debug\proc
essDebugManifest\AndroidManifest.xml as the library might be using APIs not available in 24
  	Suggestion: use a compatible library with a minSdk of at most 24,
  		or increase this project's minSdk version to at least 30,
  		or use tools:overrideLibrary="com.saarthi.vosk_flutter_2" to force usage (may lead to runtime failures)

* Try:
> Run with --stacktrace option to get the stack trace.
> Run with --info or --debug option to get more log output.
> Run with --scan to get full insights.
> Get more help at https://help.gradle.org.

BUILD FAILED in 4s
Running Gradle task 'assembleDebug'...                              5.0s

ΓöîΓöÇ Flutter Fix ΓöÇΓöÇΓöÇΓöÇΓöÇΓöÇΓöÇΓöÇΓöÇΓöÇΓöÇΓöÇΓöÇΓöÇΓöÇΓöÇΓöÇΓöÇΓöÇΓöÇΓöÇΓöÇΓöÇΓöÇΓöÇΓöÇΓöÇΓöÇΓöÇΓöÇΓöÇΓöÇΓöÇΓöÇΓöÇΓöÇΓöÇΓöÇΓöÇΓöÇΓöÇΓöÇΓöÇΓöÇΓöÇΓöÇΓöÇΓöÇΓöÇΓöÇΓöÇΓöÇΓöÇΓöÇΓöÇΓöÇΓöÇΓöÇΓöÇΓöÇΓöÇΓöÇΓöÇΓöÇΓöÇΓöÇΓöÇΓöÇΓöÇΓöÇΓöÇΓöÇΓöÇΓöÇΓöÇΓöÇΓöÇΓöÇΓöÇΓöÇΓöÇΓöÉ
Γöé The plugin vosk_flutter_2 requires a higher Android SDK version.                              Γöé
Γöé Fix this issue by adding the following to the file                                            Γöé
Γöé C:\Users\satya\OneDrive\Desktop\saarthi\android\app\build.gradle.kts:                         Γöé
Γöé android {                                                                                     Γöé
Γöé   defaultConfig {                                                                             Γöé
Γöé     minSdkVersion 30                                                                          Γöé
Γöé   }                                                                                           Γöé
Γöé }                                                                                             Γöé
Γöé                                                                                               Γöé
Γöé Following this change, your app will not be available to users running Android SDKs below 30. Γöé
Γöé Consider searching for a version of this plugin that supports these lower versions of the     Γöé
Γöé Android SDK instead.                                                                          Γöé
Γöé For more information, see: https://flutter.dev/to/review-gradle-config                        Γöé
ΓööΓöÇΓöÇΓöÇΓöÇΓöÇΓöÇΓöÇΓöÇΓöÇΓöÇΓöÇΓöÇΓöÇΓöÇΓöÇΓöÇΓöÇΓöÇΓöÇΓöÇΓöÇΓöÇΓöÇΓöÇΓöÇΓöÇΓöÇΓöÇΓöÇΓöÇΓöÇΓöÇΓöÇΓöÇΓöÇΓöÇΓöÇΓöÇΓöÇΓöÇΓöÇΓöÇΓöÇΓöÇΓöÇΓöÇΓöÇΓöÇΓöÇΓöÇΓöÇΓöÇΓöÇΓöÇΓöÇΓöÇΓöÇΓöÇΓöÇΓöÇΓöÇΓöÇΓöÇΓöÇΓöÇΓöÇΓöÇΓöÇΓöÇΓöÇΓöÇΓöÇΓöÇΓöÇΓöÇΓöÇΓöÇΓöÇΓöÇΓöÇΓöÇΓöÇΓöÇΓöÇΓöÇΓöÇΓöÇΓöÇΓöÇΓöÇΓöÇΓöÇΓöÇΓöÇΓöÇΓöÿ
Gradle task assembleDebug failed with exit code 1
